// Jest Snapshot v1, https://goo.gl/fbAQLP

exports[`Dashboard should correctly 1`] = `
<div
  className="dashboard"
>
  <Carousel
    debt={24682}
    score={514}
  />
</div>
`;
